Γû▓ Next.js 16.2.1 (Turbopack)
- Environments: .env.local

  Running TypeScript ...
node.exe : Failed to 
type check.
At line:1 char:1
+ & "C:\Program Files
\nodejs/node.exe" 
"C:\Program 
Files\nodejs/node_mo 
...
+ ~~~~~~~~~~~~~~~~~~~
~~~~~~~~~~~~~~~~~~~~~
~~~~~~~~~~~~~~~~~~~~~
~~~~~~~~
    + CategoryInfo   
           : NotSpe  
  cified: (Failed    
 to type check.:S    
tring) [], Remot    
eException
    + FullyQualified 
   ErrorId : Native  
  CommandError
 

.next/dev/types/valid
ator.ts:7:6
Type error: 
Duplicate identifier 
'PagesPageConfig'.

  [90m 5 |[0m
  [90m 6 |[0m
[31m[1m>[0m [90m 
7 |[0m 
[36mtype[0m [33mPa
gesPageConfig[0m = {
  [90m   |[0m      
[31m[1m^[0m
  [90m 8 |[0m   
[36mdefault[0m: [3
3mReact[0m.[33mComp
onentType[0m<any> | 
((props: any) => [33
mReact[0m.[33mReact
Node[0m | [33mPromi
se[0m<[33mReact[0m
.[33mRea...[0m
  [90m 9 |[0m   
getStaticProps?: 
(context: any) => [3
3mPromise[0m<any> | 
any
  [90m10 |[0m   
getStaticPaths?: 
(context: any) => [3
3mPromise[0m<any> | 
any
Next.js build worker 
exited with code: 1 
and signal: null
